// Jest Snapshot v1, https://goo.gl/fbAQLP

exports[`Pruebas <PrimerApp /> Debe mostrar hola 1`] = `
<Fragment>
  <h1>
    Hola
  </h1>
  <p>
    Soy un subtitulo
  </p>
</Fragment>
`;
